2025-02-20 10:42:45,904 - INFO - Address Book Application Started
2025-02-20 10:42:45,905 - INFO - Address book initialized.
2025-02-20 10:44:22,252 - INFO - Contact created: abc zyx
2025-02-20 10:44:22,253 - INFO - Contact 'abc zyx' added successfully!
2025-02-20 10:44:28,080 - INFO - Displayed contact: abc zyx
2025-02-20 10:46:04,189 - INFO - Contact created: aalu prantha
2025-02-20 10:46:04,189 - INFO - Contact 'aalu prantha' added successfully!
2025-02-20 10:46:06,842 - INFO - Displayed contact: abc zyx
2025-02-20 10:46:06,843 - INFO - Displayed contact: aalu prantha
2025-02-20 10:47:00,265 - INFO - Displayed contact: abc zyx
2025-02-20 10:47:00,266 - INFO - Displayed contact: aalu prantha
2025-02-20 10:48:12,737 - INFO - Contact created: aaallu prantha
2025-02-20 10:48:12,738 - INFO - Contact 'aalu prantha' updated successfully!
2025-02-20 10:48:24,203 - INFO - Displayed contact: abc zyx
2025-02-20 10:48:24,204 - INFO - Displayed contact: aaallu prantha
2025-02-20 10:49:33,270 - INFO - Contact created: abc xyz acb
2025-02-20 10:49:33,271 - WARNING - Contact 'dsf' not found in the address book.
2025-02-20 10:51:00,792 - INFO - Contact created: suraj thakur
2025-02-20 10:51:00,792 - INFO - Contact 'suraj thakur' added successfully!
2025-02-20 10:51:05,426 - INFO - Displayed contact: abc zyx
2025-02-20 10:51:05,427 - INFO - Displayed contact: aaallu prantha
2025-02-20 10:51:05,428 - INFO - Displayed contact: suraj thakur
2025-02-20 11:18:48,606 - WARNING - Invalid choice! Please select a valid option.
2025-02-20 11:18:58,352 - WARNING - Invalid ZIP Code! It must be a 6-digit number.
2025-02-20 11:18:59,189 - WARNING - Invalid ZIP Code! It must be a 6-digit number.
2025-02-20 11:19:09,721 - INFO - Contact created: sdfg zsdf
2025-02-20 11:19:09,721 - WARNING - Contact 'asdfg' not found in the address book.
2025-02-20 11:19:15,676 - INFO - Exiting Address Book. Goodbye!
2025-02-20 11:20:08,753 - INFO - Address Book Application Started
2025-02-20 11:20:08,754 - INFO - Address book initialized.
2025-02-20 11:35:54,082 - INFO - Exiting Address Book. Goodbye!
2025-02-20 11:35:56,631 - INFO - Address Book Application Started
2025-02-20 11:35:56,631 - INFO - Address book initialized.
2025-02-20 11:36:22,395 - INFO - Contact created: Suraj thakur
2025-02-20 11:36:22,395 - INFO - Contact 'Suraj thakur' added successfully!
2025-02-20 11:43:45,948 - INFO - Displayed contact: Suraj thakur
2025-02-20 11:59:22,879 - INFO - Exiting Address Book. Goodbye!
2025-02-20 11:59:26,960 - INFO - Address Book Application Started
2025-02-20 11:59:26,960 - INFO - Address book initialized.
2025-02-20 11:59:50,497 - INFO - Contact created: Suraj thakur
2025-02-20 11:59:50,498 - INFO - Contact 'Suraj thakur' added successfully!
2025-02-20 12:00:01,527 - WARNING - Contact 'Suraj Thakur' not found in the address book.
2025-02-20 12:00:11,997 - INFO - Displayed contact: Suraj thakur
2025-02-20 12:00:35,269 - INFO - Contact 'Suraj thakur' deleted successfully!
2025-02-20 12:00:39,370 - INFO - Address book is empty.
2025-02-20 12:00:47,570 - INFO - Exiting Address Book. Goodbye!
2025-02-20 16:42:11,694 - INFO - Address Book Application Started
2025-02-20 16:42:11,695 - INFO - Address book initialized.
2025-02-20 16:44:16,090 - INFO - Contact created: rishav garg
2025-02-20 16:44:16,091 - INFO - Contact 'rishav garg' added successfully!
2025-02-20 16:45:02,859 - INFO - Contact created: asdf asdf
2025-02-20 16:45:02,859 - INFO - Contact 'asdf asdf' added successfully!
2025-02-20 16:45:27,248 - INFO - Contact created: asdf asdfg
2025-02-20 16:45:27,248 - INFO - Contact 'asdf asdfg' added successfully!
2025-02-20 16:45:57,355 - INFO - Contact created: asdfgh asdfg
2025-02-20 16:45:57,356 - INFO - Contact 'asdfgh asdfg' added successfully!
2025-02-20 16:46:14,615 - INFO - Displayed contact: rishav garg
2025-02-20 16:46:14,615 - INFO - Displayed contact: asdf asdf
2025-02-20 16:46:14,616 - INFO - Displayed contact: asdf asdfg
2025-02-20 16:46:14,617 - INFO - Displayed contact: asdfgh asdfg
2025-02-20 16:47:39,349 - INFO - Exiting Address Book. Goodbye!
2025-02-20 16:47:43,170 - INFO - Address Book Application Started
2025-02-20 16:47:43,170 - INFO - Address book initialized.
2025-02-20 16:48:02,878 - INFO - Contact created: qwert dfgh
2025-02-20 16:48:02,878 - INFO - Contact 'qwert dfgh' added successfully!
2025-02-20 16:48:42,741 - INFO - Contact created: scsdfgbng sadfghnmhj
2025-02-20 16:48:42,741 - INFO - Contact 'scsdfgbng sadfghnmhj' added successfully!
2025-02-20 16:48:56,407 - INFO - Displayed contact: qwert dfgh
2025-02-20 16:48:56,407 - INFO - Displayed contact: scsdfgbng sadfghnmhj
2025-02-20 22:53:01,356 - INFO - Exiting Address Book. Goodbye!
2025-02-20 22:55:43,703 - INFO - Address Book System Started
2025-02-20 22:56:00,524 - INFO - Address Book 'hostel' initialized.
2025-02-20 22:56:00,525 - INFO - Address Book 'hostel' created.
2025-02-20 23:06:28,620 - WARNING - Invalid choice! Please select a valid option.
2025-02-20 23:06:39,519 - INFO - Exiting Address Book System. Goodbye!
2025-02-20 23:09:10,466 - INFO - Address Book System initialized.
2025-02-20 23:09:25,548 - INFO - Address Book 'hostel' created.
2025-02-20 23:09:25,549 - INFO - Address Book 'hostel' created.
2025-02-20 23:10:09,446 - INFO - Contact created: honey
2025-02-20 23:10:09,447 - INFO - Contact 'honey' added to hostel.
2025-02-20 23:10:29,736 - INFO - Displayed contact: honey
2025-02-20 23:10:44,767 - INFO - Address Book 'school' created.
2025-02-20 23:10:44,768 - INFO - Address Book 'school' created.
2025-02-20 23:11:32,067 - INFO - Contact created: shubham
2025-02-20 23:11:32,068 - INFO - Contact 'shubham' added to school.
2025-02-20 23:11:36,586 - INFO - Displayed Address Book: hostel
2025-02-20 23:11:36,587 - INFO - Displayed Address Book: school
2025-02-20 23:12:11,223 - INFO - Displayed contact: shubham
2025-02-20 23:13:59,207 - WARNING - Invalid menu choice entered.
2025-02-20 23:14:58,404 - ERROR - Error adding contact: Phone number must be 10 or 12 digits long.
2025-02-20 23:15:11,517 - INFO - Displayed Address Book: hostel
2025-02-20 23:15:11,518 - INFO - Displayed Address Book: school
2025-02-20 23:24:31,123 - INFO - Address Book System exited.
2025-02-20 23:24:35,158 - INFO - Address Book System initialized.
2025-02-20 23:24:59,348 - WARNING - Attempted to display contacts of non-existent Address Book 'hostel'.
2025-02-20 23:25:10,745 - INFO - No Address Books available.
2025-02-20 23:26:07,450 - INFO - Address Book System exited.
2025-02-21 15:14:19,446 - INFO - Address Book System initialized.
2025-02-21 15:14:33,806 - INFO - Address Book '2' created.
2025-02-21 15:14:33,807 - INFO - Address Book '2' created.
2025-02-21 15:15:31,677 - INFO - Contact created: suraj
2025-02-21 15:15:31,678 - INFO - Contact 'suraj' added to 2.
2025-02-21 15:16:10,006 - INFO - Contact created: suraj
2025-02-21 15:16:10,006 - WARNING - Duplicate contact 'suraj' not added.
2025-02-21 21:07:50,915 - INFO - Address Book System initialized.
2025-02-21 21:08:02,775 - INFO - Address Book 'hostel' created.
2025-02-21 21:08:02,776 - INFO - Address Book 'hostel' created.
2025-02-21 21:08:49,781 - INFO - Contact created: honey
2025-02-21 21:08:49,782 - INFO - Contact 'honey' added to hostel.
2025-02-21 21:09:35,689 - INFO - Contact created: honey
2025-02-21 21:09:35,689 - WARNING - Duplicate contact 'honey' not added.
2025-02-22 00:09:03,556 - INFO - Address Book System initialized.
2025-02-22 00:09:16,835 - INFO - Address Book 'friend' created.
2025-02-22 00:09:16,836 - INFO - Address Book 'friend' created.
2025-02-22 00:10:24,826 - INFO - Contact created: shubham
2025-02-22 00:10:24,826 - INFO - Contact 'shubham' added to friend.
2025-02-22 00:24:49,948 - INFO - Address Book System initialized.
2025-02-22 00:31:31,891 - INFO - Address Book System initialized.
2025-02-22 00:31:58,973 - INFO - Address Book System initialized.
2025-02-22 00:32:17,015 - INFO - Address Book 'friend' created.
2025-02-22 00:32:17,015 - INFO - Address Book 'friend' created.
2025-02-22 00:33:13,005 - INFO - Contact created: honey
2025-02-22 00:33:13,005 - INFO - Contact 'honey' added to friend.
2025-02-22 00:36:01,379 - INFO - Address Book System initialized.
2025-02-22 00:36:12,457 - INFO - Address Book 'friend' created.
2025-02-22 00:36:12,458 - INFO - Address Book 'friend' created.
2025-02-22 00:37:05,254 - INFO - Contact created: rishav
2025-02-22 00:37:05,254 - INFO - Contact 'rishav' added to friend.
2025-02-22 00:38:02,032 - INFO - Contact created: harsh
2025-02-22 00:38:02,033 - INFO - Contact 'harsh' added to friend.
2025-02-22 00:38:20,325 - INFO - Address Book 'hostel' created.
2025-02-22 00:38:20,326 - INFO - Address Book 'hostel' created.
2025-02-22 00:39:27,373 - INFO - Contact created: jatin
2025-02-22 00:39:27,373 - INFO - Contact 'jatin' added to hostel.
2025-02-22 00:40:45,064 - INFO - Displayed Address Book: friend
2025-02-22 00:40:45,065 - INFO - Displayed Address Book: hostel
2025-02-22 00:41:07,656 - INFO - Displayed contact: rishav
2025-02-22 00:41:07,657 - INFO - Displayed contact: harsh
2025-02-22 00:42:25,216 - INFO - Contact created: rishav
2025-02-22 00:42:25,217 - WARNING - Duplicate contact 'rishav' not added.
2025-02-22 00:52:14,763 - INFO - Address Book System initialized.
2025-02-22 10:06:11,681 - INFO - Address Book System initialized.
2025-02-22 10:08:22,425 - INFO - Address Book 'Personal' created.
2025-02-22 10:08:22,427 - INFO - Address Book 'Personal' created.
2025-02-22 10:09:13,233 - INFO - Address Book 'Work' created.
2025-02-22 10:09:13,234 - INFO - Address Book 'Work' created.
2025-02-22 10:11:51,997 - INFO - Contact created: Alice Smith
2025-02-22 10:11:51,997 - INFO - Contact 'Alice Smith' added to Personal.
2025-02-22 10:12:52,437 - INFO - Contact created: Bob Johnson
2025-02-22 10:12:52,438 - INFO - Contact 'Bob Johnson' added to Personal.
2025-02-22 10:14:03,535 - INFO - Contact created: Charlie Lee
2025-02-22 10:14:03,535 - INFO - Contact 'Charlie Lee' added to Personal.
2025-02-22 10:18:08,573 - INFO - Contact created: Dave White
2025-02-22 10:18:08,573 - INFO - Contact 'Dave White' added to Work.
2025-02-22 10:18:54,748 - INFO - Contact created: Eva Brown
2025-02-22 10:18:54,748 - INFO - Contact 'Eva Brown' added to Work.
2025-02-22 10:19:58,433 - INFO - Displayed contact: Alice Smith
2025-02-22 10:19:58,434 - INFO - Displayed contact: Charlie Lee
2025-02-22 10:19:58,434 - INFO - Displayed contact: Bob Johnson
2025-02-22 10:20:12,577 - INFO - Displayed Address Book: Personal
2025-02-22 10:20:12,578 - INFO - Displayed Address Book: Work
2025-02-22 10:21:38,109 - INFO - Contact created: Alice Smith
2025-02-22 10:21:38,110 - WARNING - Duplicate contact 'Alice Smith' not added.
2025-02-22 10:23:21,813 - INFO - Displayed contact: Alice Smith
2025-02-22 10:23:21,813 - INFO - Displayed contact: Charlie Lee
2025-02-22 10:23:21,814 - INFO - Displayed contact: Bob Johnson
2025-02-22 12:46:06,443 - INFO - Address Book System initialized.
2025-02-22 12:46:13,836 - INFO - Address Book 'book' created.
2025-02-22 12:46:13,836 - INFO - Address Book 'book' created.
2025-02-22 12:46:58,618 - INFO - Contact created: Suraj
2025-02-22 12:46:58,618 - INFO - Contact 'Suraj' added to book.
2025-02-22 15:27:03,815 - INFO - Address Book System initialized.
2025-02-22 15:30:32,270 - INFO - Address Book 'hostel' created.
2025-02-22 15:30:32,271 - INFO - Address Book 'hostel' created.
2025-02-22 15:31:14,227 - INFO - Contact created: suraj thakur
2025-02-22 15:31:14,228 - INFO - Contact 'suraj thakur' added to hostel.
2025-02-22 15:31:22,649 - INFO - Displayed contact: suraj thakur
2025-02-22 15:31:39,318 - INFO - Address Book 'friends' created.
2025-02-22 15:31:39,318 - INFO - Address Book 'friends' created.
2025-02-22 15:31:52,733 - INFO - Displayed contact: suraj thakur
2025-02-22 15:31:58,724 - INFO - Displayed Address Book: hostel
2025-02-22 15:31:58,725 - INFO - Displayed Address Book: friends
2025-02-22 15:33:32,425 - INFO - Contact created: surya rajput
2025-02-22 15:33:32,425 - INFO - Contact 'suraj thakur' updated successfully!
2025-02-22 15:33:54,043 - INFO - Contact 'surya rajput' deleted successfully!
2025-02-22 23:14:27,285 - INFO - Address Book System initialized.
2025-02-22 23:14:38,017 - INFO - Address Book 'book1' created.
2025-02-22 23:14:38,018 - INFO - Address Book 'book1' created.
2025-02-22 23:15:27,632 - INFO - Contact created: honey sharma
2025-02-22 23:15:27,633 - INFO - Contact 'honey sharma' added to book1.
2025-02-22 23:16:26,401 - INFO - Contact created: rishav garg
2025-02-22 23:16:26,401 - INFO - Contact 'rishav garg' added to book1.
2025-02-22 23:16:35,275 - INFO - Address Book 'book2' created.
2025-02-22 23:16:35,276 - INFO - Address Book 'book2' created.
2025-02-22 23:17:41,416 - INFO - Contact created: harsh singh
2025-02-22 23:17:41,416 - INFO - Contact 'harsh singh' added to book2.
2025-02-22 23:17:57,259 - INFO - Displayed contact: rishav garg
2025-02-22 23:17:57,260 - INFO - Displayed contact: honey sharma
2025-02-22 23:18:09,472 - INFO - Displayed Address Book: book1
2025-02-22 23:18:09,473 - INFO - Displayed Address Book: book2
2025-02-22 23:19:57,269 - INFO - Contact created: hussandeep sharama
2025-02-22 23:19:57,270 - INFO - Contact 'honey sharma' updated successfully!
2025-02-22 23:20:23,529 - INFO - Contact 'rishav garg' deleted successfully!
2025-02-22 23:47:16,406 - INFO - Address Book System initialized.
2025-02-22 23:47:39,141 - INFO - Address Book 'book1' created.
2025-02-22 23:47:39,143 - INFO - Address Book 'book1' created.
2025-02-22 23:48:48,407 - INFO - Contact created: allo prantha
2025-02-22 23:48:48,408 - INFO - Contact 'allo prantha' added to book1.
2025-02-22 23:57:15,771 - INFO - Contact created: honey sharma
2025-02-22 23:57:15,772 - INFO - Contact 'honey sharma' added to book1.
2025-02-22 23:58:07,896 - INFO - Contact created: zombi dead
2025-02-22 23:58:07,897 - INFO - Contact 'zombi dead' added to book1.
2025-02-22 23:58:24,876 - INFO - Displayed sorted contact: allo prantha
2025-02-22 23:58:24,877 - INFO - Displayed sorted contact: honey sharma
2025-02-22 23:58:24,878 - INFO - Displayed sorted contact: zombi dead
2025-02-22 23:59:13,818 - INFO - Contact created: a a
2025-02-22 23:59:13,818 - INFO - Contact 'a a' added to book1.
2025-02-22 23:59:25,545 - INFO - Displayed sorted contact: a a
2025-02-22 23:59:25,545 - INFO - Displayed sorted contact: allo prantha
2025-02-22 23:59:25,546 - INFO - Displayed sorted contact: honey sharma
2025-02-22 23:59:25,547 - INFO - Displayed sorted contact: zombi dead
2025-02-23 23:54:59,965 - INFO - Address Book System initialized.
2025-02-23 23:55:16,047 - INFO - Address Book 'book1' created.
2025-02-23 23:55:16,048 - INFO - Address Book 'book1' created.
2025-02-23 23:56:33,287 - INFO - Contact created: Alice Brown
2025-02-23 23:56:33,288 - INFO - Contact 'Alice Brown' added to book1.
2025-02-23 23:58:02,058 - INFO - Contact created: Jane1 Smith
2025-02-23 23:58:02,058 - INFO - Contact 'Jane1 Smith' added to book1.
2025-02-23 23:59:10,383 - INFO - Contact created: Carl Adams
2025-02-23 23:59:10,383 - INFO - Contact 'Carl Adams' added to book1.
2025-02-24 00:00:14,823 - INFO - Contact created: Bob johan
2025-02-24 00:00:14,823 - INFO - Contact 'Bob johan' added to book1.
2025-02-24 00:00:32,715 - INFO - Displayed sorted contact: Alice Brown
2025-02-24 00:00:32,716 - INFO - Displayed sorted contact: Jane1 Smith
2025-02-24 00:00:32,717 - INFO - Displayed sorted contact: Carl Adams
2025-02-24 00:00:32,718 - INFO - Displayed sorted contact: Bob johan
